2026-05-14 23:14:24,121 - twister - INFO - Using Ninja..
2026-05-14 23:14:24,197 - twister - INFO - Zephyr version: v4.2.0
2026-05-14 23:14:24,200 - twister - DEBUG - Running cmake script /home/leandro/repos/deps/zephyr/cmake/verify-toolchain.cmake
2026-05-14 23:14:24,200 - twister - DEBUG - Calling cmake: /usr/bin/cmake -DFORMAT=json -P /home/leandro/repos/deps/zephyr/cmake/verify-toolchain.cmake
2026-05-14 23:14:24,630 - twister - DEBUG - Finished running /home/leandro/repos/deps/zephyr/cmake/verify-toolchain.cmake
2026-05-14 23:14:24,630 - twister - INFO - Using 'zephyr' toolchain.
2026-05-14 23:14:27,120 - twister - DEBUG - Reading testsuite configuration files under /home/leandro/repos/zephyr-course/tests/calculator...
2026-05-14 23:14:27,123 - twister - ERROR - Twister call stack dump:
  File "/home/leandro/zephyrproject/.venv/bin/west", line 6, in <module>
    sys.exit(main())
  File "/home/leandro/zephyrproject/.venv/lib/python3.13/site-packages/west/app/main.py", line 1199, in main
    app.run(argv or sys.argv[1:])
  File "/home/leandro/zephyrproject/.venv/lib/python3.13/site-packages/west/app/main.py", line 278, in run
    self.run_command(argv, early_args)
  File "/home/leandro/zephyrproject/.venv/lib/python3.13/site-packages/west/app/main.py", line 584, in run_command
    self.run_extension(args.command, argv)
  File "/home/leandro/zephyrproject/.venv/lib/python3.13/site-packages/west/app/main.py", line 739, in run_extension
    self.cmd.run(args, unknown, self.topdir, manifest=self.manifest,
  File "/home/leandro/zephyrproject/.venv/lib/python3.13/site-packages/west/commands.py", line 200, in run
    self.do_run(args, unknown)
  File "/home/leandro/repos/deps/zephyr/scripts/west_commands/twister_cmd.py", line 61, in do_run
    ret = main(options, default_options)
  File "/home/leandro/repos/deps/zephyr/scripts/pylib/twister/twisterlib/twister_main.py", line 235, in main
    return_code = twister(options, default_options)
  File "/home/leandro/repos/deps/zephyr/scripts/pylib/twister/twisterlib/twister_main.py", line 93, in twister
    tplan.discover()
  File "/home/leandro/repos/deps/zephyr/scripts/pylib/twister/twisterlib/testplan.py", line 214, in discover
    raise TwisterRuntimeError("No testsuites found at the specified location...")

